[
   {
      "classname" : "Entity",
      "components" : [
         {
            "angles" : "12.36 76.19 0",
            "classname" : "ComTransform",
            "enabled" : true,
            "guid" : "0297635D0E090B19002E01C772F7903D",
            "origin" : "851.0743 -87.0717 3063.075",
            "scale" : "1 1 1"
         },
         {
            "castShadows" : true,
            "classname" : "ComLight",
            "color" : "1 1 1",
            "enabled" : true,
            "fallOffExponent" : 1.25,
            "guid" : "02986BB30E090B19002E01C772F79239",
            "intensity" : 2,
            "lightSize" : "15000 15000 15000",
            "lightType" : 2,
            "lightZNear" : 10,
            "mainLight" : true,
            "material" : "00000000000000000000000000000130",
            "maxVisDist" : 16384,
            "shadowOffsetFactor" : 3,
            "shadowOffsetUnits" : 200,
            "timeOffset" : 0,
            "timeScale" : 1,
            "turnOn" : true
         }
      ],
      "frozen" : false,
      "guid" : "02965ADF0E090B19002E01C672F78C66",
      "isPrefabParent" : false,
      "layer" : 0,
      "name" : "Directional Light",
      "parent" : "00000000000000000000000000000000",
      "prefabParent" : "00000000000000000000000000000000",
      "tag" : "Untagged"
   },
   {
      "classname" : "Entity",
      "components" : [
         {
            "angles" : "180 -0 0",
            "classname" : "ComTransform",
            "enabled" : true,
            "guid" : "01EC06523009091C000F02AFCE358889",
            "origin" : "2235.9956 154.4743 -84.4295",
            "scale" : "1 1 1"
         },
         {
            "alpha" : 1,
            "anim" : "00000000000000000000000000000000",
            "animController" : "067E308213090B130013019C7FFFFFFF",
            "animationType" : 0,
            "billboard" : false,
            "castShadows" : true,
            "classname" : "ComSkinnedMeshRenderer",
            "color" : "1 1 1",
            "enabled" : true,
            "guid" : "01ED5E433009091C000F02AFCE3588F6",
            "material" : [ "00BA7B8827090F0A002A03867FFFFFFF" ],
            "maxVisDist" : 16384,
            "mesh" : "00B76FF627090F0A002A03337FFFFFFF",
            "receiveShadows" : true,
            "skeleton" : "00000000000000000000000000000000",
            "timeOffset" : 0,
            "timeScale" : 1,
            "useLightProbe" : true
         },
         {
            "capsuleHeight" : 0.90000003576278687,
            "capsuleRadius" : 0.5,
            "classname" : "ComCharacterController",
            "enabled" : true,
            "guid" : "01EE61431D09091C00110381DE144B2A",
            "mass" : 10,
            "slopeLimit" : 60,
            "stepOffset" : 0.5
         },
         {
            "acceleration" : 8,
            "classname" : "ComScript",
            "enabled" : true,
            "friction" : 6,
            "gravity" : 9.8000001907348633,
            "guid" : "01EF1F3A2209091C00110224DECEFE51",
            "max_speed" : 4,
            "projectile" : "02B21D9D210A0000000603DF7776894D",
            "script" : "009C559C2908160F001303287FFFFFFF",
            "shoot_place" : "01DE4B6F1709111D00300042916A2389",
            "stop_speed" : 2
         }
      ],
      "frozen" : false,
      "guid" : "01EB1CD13009091C000F02AFCE35894A",
      "isPrefabParent" : false,
      "layer" : 0,
      "name" : "Player",
      "parent" : "00000000000000000000000000000000",
      "prefabParent" : "00E83D4F15090F0A002C00977FFFFFFF",
      "tag" : "Player"
   },
   {
      "classname" : "Entity",
      "components" : [
         {
            "angles" : "0 0 0",
            "classname" : "ComTransform",
            "enabled" : true,
            "guid" : "01DE4B6F1709111D00300042916A2389",
            "origin" : "90 0 119.9706",
            "scale" : "1 1 1"
         }
      ],
      "frozen" : false,
      "guid" : "01DD385B1709111D00300041916A1F2D",
      "isPrefabParent" : false,
      "layer" : 0,
      "name" : "ShootPlace",
      "parent" : "01EB1CD13009091C000F02AFCE35894A",
      "prefabParent" : "00000000000000000000000000000000",
      "tag" : "Untagged"
   },
   {
      "classname" : "Entity",
      "components" : [
         {
            "angles" : "0 20 0",
            "classname" : "ComTransform",
            "enabled" : true,
            "guid" : "02153BD3290917190021039372E79CAC",
            "origin" : "-342.9025 0 279.9917",
            "scale" : "1 1 1"
         },
         {
            "classname" : "ComCamera",
            "clear" : 2,
            "clearAlpha" : 0,
            "clearColor" : "0 0 0",
            "enabled" : true,
            "far" : 8192,
            "fov" : 60,
            "guid" : "02160690290917190021039372E79EA5",
            "h" : 1,
            "layerMask" : 3,
            "near" : 10,
            "order" : 0,
            "projection" : 0,
            "size" : 1000,
            "w" : 1,
            "x" : 0,
            "y" : 0
         }
      ],
      "frozen" : false,
      "guid" : "02147906290917190021039372E79868",
      "isPrefabParent" : false,
      "layer" : 0,
      "name" : "Camera",
      "parent" : "01EB1CD13009091C000F02AFCE35894A",
      "prefabParent" : "00000000000000000000000000000000",
      "tag" : "MainCamera"
   },
   {
      "classname" : "Entity",
      "components" : [
         {
            "angles" : "0 0 0",
            "classname" : "ComTransform",
            "enabled" : true,
            "guid" : "01F338A01E09151D000D00FD1B3E82D7",
            "origin" : "-3469.0674 -137.2828 -100",
            "scale" : "1 1 1"
         },
         {
            "alpha" : 1,
            "billboard" : false,
            "castShadows" : true,
            "classname" : "ComStaticMeshRenderer",
            "color" : "1 1 1",
            "enabled" : true,
            "guid" : "01F455B41E09151D000D00FD1B3E8203",
            "material" : [ "01E170A32609141D003B026398D6BEA9" ],
            "maxVisDist" : 16384,
            "mesh" : "01DE2EF12609141D003B024D98D5DBCF",
            "occluder" : false,
            "receiveShadows" : true,
            "timeOffset" : 0,
            "timeScale" : 1,
            "useLightProbe" : true
         },
         {
            "angularDamping" : 0.0099999997764825821,
            "ccd" : false,
            "classname" : "ComRigidBody",
            "enabled" : true,
            "friction" : 1,
            "guid" : "01F532B13509151D000E03D6285F8DB8",
            "kinematic" : false,
            "linearDamping" : 0.05000000074505806,
            "mass" : 0,
            "restitution" : 0,
            "rollingFriction" : 1
         },
         {
            "classname" : "ComMeshCollider",
            "convex" : false,
            "enabled" : true,
            "guid" : "01F61B3F0009151D000F03D42978742B",
            "material" : "",
            "mesh" : "01DE2EF12609141D003B024D98D5DBCF"
         }
      ],
      "frozen" : false,
      "guid" : "01F246CB1E09151D000D00FD1B3E829C",
      "isPrefabParent" : false,
      "layer" : 0,
      "name" : "StreetScene",
      "parent" : "00000000000000000000000000000000",
      "prefabParent" : "017D27380509151D000D02A11763D43A",
      "tag" : "Untagged"
   },
   {
      "classname" : "Entity",
      "components" : [
         {
            "angles" : "0 0 0",
            "classname" : "ComTransform",
            "enabled" : true,
            "guid" : "029A0DCF1C0A0000000503116D3CFE44",
            "origin" : "961.5708 -283.6049 -86.004",
            "scale" : "1 1 1"
         },
         {
            "alpha" : 1,
            "billboard" : false,
            "castShadows" : true,
            "classname" : "ComStaticMeshRenderer",
            "color" : "1 1 1",
            "enabled" : true,
            "guid" : "029B355D1C0A0000000503116D3CFE4B",
            "material" : [ "028F72611809161D000B028D3C0BDC7B" ],
            "maxVisDist" : 16384,
            "mesh" : "066527020609161D000C032B42A82B0D",
            "occluder" : false,
            "receiveShadows" : true,
            "timeOffset" : 0,
            "timeScale" : 1,
            "useLightProbe" : true
         },
         {
            "classname" : "ComMeshCollider",
            "convex" : true,
            "enabled" : true,
            "guid" : "029C1F06000A000000060112722D0420",
            "material" : "",
            "mesh" : "066527020609161D000C032B42A82B0D"
         },
         {
            "angularDamping" : 0.0099999997764825821,
            "ccd" : false,
            "classname" : "ComRigidBody",
            "enabled" : true,
            "friction" : 1,
            "guid" : "02A054CD060A0000000601CB73254E75",
            "kinematic" : false,
            "linearDamping" : 0.05000000074505806,
            "mass" : 0.5,
            "restitution" : 0,
            "rollingFriction" : 1
         }
      ],
      "frozen" : false,
      "guid" : "029959901C0A0000000503116D3CFE71",
      "isPrefabParent" : false,
      "layer" : 0,
      "name" : "TrafficCone",
      "parent" : "00000000000000000000000000000000",
      "prefabParent" : "02AC0F6B210A000000060388777301DB",
      "tag" : "Untagged"
   },
   {
      "classname" : "Entity",
      "components" : [
         {
            "angles" : "0 0 0",
            "classname" : "ComTransform",
            "enabled" : true,
            "guid" : "037C36401A0A0000000700AB7FA51278",
            "origin" : "831.7877 -301.5749 -86.6218",
            "scale" : "1 1 1"
         },
         {
            "alpha" : 1,
            "billboard" : false,
            "castShadows" : true,
            "classname" : "ComStaticMeshRenderer",
            "color" : "1 1 1",
            "enabled" : true,
            "guid" : "037D13311A0A0000000700AB7FA5127F",
            "material" : [ "028F72611809161D000B028D3C0BDC7B" ],
            "maxVisDist" : 16384,
            "mesh" : "066527020609161D000C032B42A82B0D",
            "occluder" : false,
            "receiveShadows" : true,
            "timeOffset" : 0,
            "timeScale" : 1,
            "useLightProbe" : true
         },
         {
            "classname" : "ComMeshCollider",
            "convex" : true,
            "enabled" : true,
            "guid" : "037E25351A0A0000000700AB7FA51246",
            "material" : "",
            "mesh" : "066527020609161D000C032B42A82B0D"
         },
         {
            "angularDamping" : 0.0099999997764825821,
            "ccd" : false,
            "classname" : "ComRigidBody",
            "enabled" : true,
            "friction" : 1,
            "guid" : "037F18911A0A0000000700AB7FA5124C",
            "kinematic" : false,
            "linearDamping" : 0.05000000074505806,
            "mass" : 0.5,
            "restitution" : 0,
            "rollingFriction" : 1
         }
      ],
      "frozen" : false,
      "guid" : "037B5D781A0A0000000700AB7FA51207",
      "isPrefabParent" : false,
      "layer" : 0,
      "name" : "TrafficCone",
      "parent" : "00000000000000000000000000000000",
      "prefabParent" : "02AC0F6B210A000000060388777301DB",
      "tag" : "Untagged"
   },
   {
      "classname" : "Entity",
      "components" : [
         {
            "angles" : "0 0 0",
            "classname" : "ComTransform",
            "enabled" : true,
            "guid" : "038158471D0A000000070066801AC282",
            "origin" : "1097.3187 -292.6208 -86.5683",
            "scale" : "1 1 1"
         },
         {
            "alpha" : 1,
            "billboard" : false,
            "castShadows" : true,
            "classname" : "ComStaticMeshRenderer",
            "color" : "1 1 1",
            "enabled" : true,
            "guid" : "038256011D0A000000070066801AC28F",
            "material" : [ "028F72611809161D000B028D3C0BDC7B" ],
            "maxVisDist" : 16384,
            "mesh" : "066527020609161D000C032B42A82B0D",
            "occluder" : false,
            "receiveShadows" : true,
            "timeOffset" : 0,
            "timeScale" : 1,
            "useLightProbe" : true
         },
         {
            "classname" : "ComMeshCollider",
            "convex" : true,
            "enabled" : true,
            "guid" : "038372431D0A000000070066801AC29C",
            "material" : "",
            "mesh" : "066527020609161D000C032B42A82B0D"
         },
         {
            "angularDamping" : 0.0099999997764825821,
            "ccd" : false,
            "classname" : "ComRigidBody",
            "enabled" : true,
            "friction" : 1,
            "guid" : "0384005F1D0A000000070066801AC2E9",
            "kinematic" : false,
            "linearDamping" : 0.05000000074505806,
            "mass" : 0.5,
            "restitution" : 0,
            "rollingFriction" : 1
         }
      ],
      "frozen" : false,
      "guid" : "038016771D0A000000070066801AC2A7",
      "isPrefabParent" : false,
      "layer" : 0,
      "name" : "TrafficCone",
      "parent" : "00000000000000000000000000000000",
      "prefabParent" : "02AC0F6B210A000000060388777301DB",
      "tag" : "Untagged"
   },
   {
      "classname" : "Entity",
      "components" : [
         {
            "angles" : "0 0 0",
            "classname" : "ComTransform",
            "enabled" : true,
            "guid" : "04050A6E180A00000008009988BC9F68",
            "origin" : "119.3544 -471.8832 -69.402",
            "scale" : "1 1 1"
         },
         {
            "alpha" : 1,
            "billboard" : false,
            "castShadows" : true,
            "classname" : "ComStaticMeshRenderer",
            "color" : "1 1 1",
            "enabled" : true,
            "guid" : "040675B2180A00000008009988BC9F6F",
            "material" : [ "028F72611809161D000B028D3C0BDC7B" ],
            "maxVisDist" : 16384,
            "mesh" : "04C1265B0009161D000C015041A44474",
            "occluder" : false,
            "receiveShadows" : true,
            "timeOffset" : 0,
            "timeScale" : 1,
            "useLightProbe" : true
         },
         {
            "center" : "0.014 0.1741 49.2386",
            "classname" : "ComBoxCollider",
            "enabled" : true,
            "extents" : "25 25 49.2386",
            "guid" : "04077900300A00000008027E8C93809D",
            "material" : ""
         },
         {
            "angularDamping" : 0.0099999997764825821,
            "ccd" : false,
            "classname" : "ComRigidBody",
            "enabled" : true,
            "friction" : 1,
            "guid" : "040821F4330A0000000802E68D101BDC",
            "kinematic" : false,
            "linearDamping" : 0.05000000074505806,
            "mass" : 0,
            "restitution" : 0,
            "rollingFriction" : 1
         }
      ],
      "frozen" : false,
      "guid" : "04041BDF180A00000008009988BC9F14",
      "isPrefabParent" : false,
      "layer" : 0,
      "name" : "FireHydrant",
      "parent" : "00000000000000000000000000000000",
      "prefabParent" : "06F239B20109171D0039034D1DBF71EA",
      "tag" : "Untagged"
   },
   {
      "classname" : "Entity",
      "components" : [
         {
            "angles" : "-90 -0 0",
            "classname" : "ComTransform",
            "enabled" : true,
            "guid" : "044C4DF7310A00000009011F96160D7B",
            "origin" : "-237.0167 668.2038 -69.4023",
            "scale" : "1 1 1"
         },
         {
            "alpha" : 1,
            "billboard" : false,
            "castShadows" : true,
            "classname" : "ComStaticMeshRenderer",
            "color" : "1 1 1",
            "enabled" : true,
            "guid" : "044D16F6310A00000009011F96160D43",
            "material" : [ "028F72611809161D000B028D3C0BDC7B" ],
            "maxVisDist" : 16384,
            "mesh" : "058579BD0309161D000C01F542234818",
            "occluder" : false,
            "receiveShadows" : true,
            "timeOffset" : 0,
            "timeScale" : 1,
            "useLightProbe" : true
         },
         {
            "classname" : "ComMeshCollider",
            "convex" : false,
            "enabled" : true,
            "guid" : "044E32280E0A0000000A005C99F9C629",
            "material" : "",
            "mesh" : "058579BD0309161D000C01F542234818"
         },
         {
            "angularDamping" : 0.0099999997764825821,
            "ccd" : false,
            "classname" : "ComRigidBody",
            "enabled" : true,
            "friction" : 1,
            "guid" : "044F3DF3150A0000000A01BD9B20F584",
            "kinematic" : false,
            "linearDamping" : 0.05000000074505806,
            "mass" : 0,
            "restitution" : 0,
            "rollingFriction" : 1
         }
      ],
      "frozen" : false,
      "guid" : "044B523D310A00000009011F96160D69",
      "isPrefabParent" : false,
      "layer" : 0,
      "name" : "ParkBench",
      "parent" : "00000000000000000000000000000000",
      "prefabParent" : "086350B10809171D0039013F1EC3478D",
      "tag" : "Untagged"
   },
   {
      "classname" : "Entity",
      "components" : [
         {
            "angles" : "-90 -0 0",
            "classname" : "ComTransform",
            "enabled" : true,
            "guid" : "049D47E32E0A0000000D037CBB580D32",
            "origin" : "2261.8486 668.4326 -85.8987",
            "scale" : "1 1 1"
         },
         {
            "alpha" : 1,
            "billboard" : false,
            "castShadows" : true,
            "classname" : "ComStaticMeshRenderer",
            "color" : "1 1 1",
            "enabled" : true,
            "guid" : "049E48FF2E0A0000000D037CBB580D3A",
            "material" : [ "02A536291809161D000B03DE3C1968B4" ],
            "maxVisDist" : 16384,
            "mesh" : "05077B000109161D000C009941C5093D",
            "occluder" : false,
            "receiveShadows" : true,
            "timeOffset" : 0,
            "timeScale" : 1,
            "useLightProbe" : true
         },
         {
            "classname" : "ComMeshCollider",
            "convex" : true,
            "enabled" : true,
            "guid" : "049F0990130A0000000E00E8C06A3AA8",
            "material" : "",
            "mesh" : "05077B000109161D000C009941C5093D"
         },
         {
            "angularDamping" : 0.0099999997764825821,
            "ccd" : false,
            "classname" : "ComRigidBody",
            "enabled" : true,
            "friction" : 1,
            "guid" : "04A0485E150A0000000E0062C0B51471",
            "kinematic" : false,
            "linearDamping" : 0.05000000074505806,
            "mass" : 40,
            "restitution" : 0,
            "rollingFriction" : 1
         }
      ],
      "frozen" : false,
      "guid" : "049C175D2E0A0000000D037CBB580DDE",
      "isPrefabParent" : false,
      "layer" : 0,
      "name" : "HippyVan",
      "parent" : "00000000000000000000000000000000",
      "prefabParent" : "076A53AC0309171D003900F01DF76A14",
      "tag" : "Untagged"
   }
]
